<html>
<body>
<pre>
<h1>µVision Build Log</h1>
<h2>Project:</h2>
D:\Keil_v5\Labware\CECS346_Lab6_Stepper\EdgeInterrupt.uvproj
Project File Date:  03/18/2022

<h2>Output:</h2>
Rebuild target 'EdgeInterrupt'
assembling startup.s...
compiling EdgeInterrupt.c...
EdgeInterrupt.c(10): warning:  #1295-D: Deprecated declaration PortF_Init - give arg types
  void PortF_Init();     // Initialize Port F
EdgeInterrupt.c(11): warning:  #1295-D: Deprecated declaration PortB_Init - give arg types
  void PortB_Init();     // Initialize Port F
EdgeInterrupt.c: 2 warnings, 0 errors
linking...
Program Size: Code=1508 RO-data=32 RW-data=32 ZI-data=1120  
".\EdgeInterrupt.axf" - 0 Error(s), 2 Warning(s).
Load "D:\\Keil_v5\\Labware\\CECS346_Lab6_Stepper\\EdgeInterrupt.axf" 
Connecting: Mode=JTAG, Speed=1000000Hz
Erase Done.
Programming Done.
Verify OK.
